soapws\interf\CreateVehiculoResponse.class
soapws\interf\CreateAlquiler.class
soapws\interf\CreateVehiculo.class
soapws\interf\ObjectFactory.class
soapws\interf\UpdateSucursalResponse.class
soapws\interf\Punto4Response.class
soapws\interf\Punto5.class
soapws\interf\DeleteVehiculoResponse.class
soapws\impl\HQLSOAP.class
soapws\interf\Punto2.class
soapws\interf\Sucursal.class
soapws\interf\DeleteCliente.class
soapws\interf\CreateCliente.class
soapws\interf\ReadVehiculoById.class
soapws\interf\ReadClienteByIdResponse.class
soapws\interf\ReadAllVehiculoResponse.class
soapws\impl\AlquilerPORT.class
soapws\interf\UpdateVehiculo.class
soapws\interf\CreateClienteResponse.class
soapws\interf\CreateSucursal.class
soapws\interf\ReadAllAlquiler.class
soapws\interf\Punto1Response.class
soapws\interf\UpdateClienteResponse.class
soapws\interf\Punto1.class
soapws\interf\DeleteAlquilerResponse.class
soapws\interf\ReadClienteById.class
soapws\interf\UpdateSucursal.class
soapws\interf\Punto5Response.class
soapws\interf\DeleteSucursalResponse.class
soapws\impl\VehiculoSOAP.class
soapws\impl\SucursalPORT.class
soapws\interf\DeleteSucursal.class
soapws\interf\Punto4.class
soapws\interf\UpdateAlquilerResponse.class
soapws\impl\AlquilerSOAP.class
soapws\interf\ReadAllClienteResponse.class
soapws\interf\ReadAllSucursalResponse.class
soapws\interf\ReadAlquilerById.class
soapws\interf\Punto2Response.class
soapws\impl\HQLPORT.class
soapws\interf\ReadSucursalByIdResponse.class
soapws\interf\DeleteAlquiler.class
soapws\interf\Punto3.class
soapws\interf\Cliente.class
soapws\interf\UpdateVehiculoResponse.class
soapws\interf\DeleteVehiculo.class
soapws\interf\ReadAllVehiculo.class
soapws\interf\CreateSucursalResponse.class
soapws\impl\ClienteSOAP.class
soapws\impl\VehiculoPORT.class
soapws\interf\ReadVehiculoByIdResponse.class
soapws\interf\ReadAllCliente.class
soapws\interf\Alquiler.class
soapws\interf\Punto3Response.class
soapws\interf\Vehiculo.class
soapws\impl\SucursalSOAP.class
soapws\interf\ReadSucursalById.class
soapws\interf\ReadAllAlquilerResponse.class
soapws\interf\UpdateCliente.class
soapws\interf\UpdateAlquiler.class
soapws\interf\ReadAlquilerByIdResponse.class
soapws\interf\CreateAlquilerResponse.class
soapws\impl\ClientePORT.class
soapws\interf\DeleteClienteResponse.class
soapws\interf\package-info.class
soapws\interf\ReadAllSucursal.class
